// Jest Snapshot v1, https://goo.gl/fbAQLP

exports[`Inputコンポーネント インプットにvalueが入った状態で表示される 1`] = `
<input
  class="Input test"
  type="text"
  value="テスト"
/>
`;
